Resolving dependencies...
Downloading packages...
  _flutterfire_internals 1.3.59 (1.3.65 available)
  characters 1.4.0 (1.4.1 available)
  cloud_firestore 5.6.12 (6.1.1 available)
  cloud_firestore_platform_interface 6.6.12 (7.0.5 available)
  cloud_firestore_web 4.4.12 (5.1.1 available)
  file_picker 8.3.7 (10.3.8 available)
  firebase_auth 5.7.0 (6.1.3 available)
  firebase_auth_platform_interface 7.7.3 (8.1.5 available)
  firebase_auth_web 5.15.3 (6.1.1 available)
  firebase_core 3.15.2 (4.3.0 available)
  firebase_core_web 2.24.1 (3.3.1 available)
  firebase_storage 12.4.10 (13.0.5 available)
  firebase_storage_platform_interface 5.2.10 (5.2.16 available)
  firebase_storage_web 3.10.17 (3.11.1 available)
  flutter_lints 5.0.0 (6.0.0 available)
  flutter_riverpod 2.6.1 (3.1.0 available)
  flutter_svg 2.2.2 (2.2.3 available)
  go_router 14.8.1 (17.0.1 available)
  google_fonts 6.3.2 (6.3.3 available)
  image 4.5.4 (4.7.2 available)
  lints 5.1.1 (6.0.0 available)
  matcher 0.12.17 (0.12.18 available)
  material_color_utilities 0.11.1 (0.13.0 available)
  meta 1.16.0 (1.17.0 available)
  mime 1.0.6 (2.0.0 available)
  path_provider_android 2.2.20 (2.2.22 available)
  path_provider_foundation 2.4.3 (2.5.1 available)
  riverpod 2.6.1 (3.1.0 available)
  test_api 0.7.6 (0.7.8 available)
Got dependencies!
29 packages have newer versions incompatible with dependency constraints.
Try `flutter pub outdated` for more information.
Compiling lib\main.dart for the Web...                          
Wasm dry run findings:
Found incompatibilities with WebAssembly.

package:senior_designer_portfolio/features/admin/presentation/widgets/project_print_dialog.dart 2:1 - dart:html unsupported (0)
package:senior_designer_portfolio/features/admin/presentation/pages/project_documents_page.dart 4:1 - dart:html unsupported (0)
package:senior_designer_portfolio/features/home/presentation/pages/project_detail_page.dart 4:1 - dart:html unsupported (0)
package:senior_designer_portfolio/features/home/presentation/widgets/web_optimized_image.dart 3:1 - dart:html unsupported (0)
package:senior_designer_portfolio/features/admin/presentation/widgets/resume_print_dialog.dart 3:1 - dart:html unsupported (0)
package:senior_designer_portfolio/features/admin/presentation/widgets/editable_document.dart 5:1 - dart:html unsupported (0)

Consider addressing these issues to enable wasm builds. See docs for more info: https://docs.flutter.dev/platform-integration/web/wasm

Use --no-wasm-dry-run to disable these warnings.

Target web_release_bundle failed: ShaderCompilerException: Shader compilation of "C:\flutter\packages\flutter\lib\src\material\shaders\ink_sparkle.frag" to "D:\02.포트폴리오\2025ai포트폴리오사이트\senior_designer_portfolio\build\web\assets\shaders/ink_sparkle.frag" failed with exit code -1073741819.
impellerc stdout:

impellerc stderr:



#0      ShaderCompiler.compileShader (package:flutter_tools/src/build_system/tools/shader_compiler.dart:196:9)
<asynchronous suspension>
#1      copyAssets.<anonymous closure> (package:flutter_tools/src/build_system/targets/assets.dart:154:25)
<asynchronous suspension>
#2      Future.wait.<anonymous closure> (dart:async/future.dart:525:21)
<asynchronous suspension>
#3      copyAssets (package:flutter_tools/src/build_system/targets/assets.dart:108:3)
<asynchronous suspension>
#4      WebReleaseBundle.build (package:flutter_tools/src/build_system/targets/web.dart:520:29)
<asynchronous suspension>
#5      _BuildInstance._invokeInternal (package:flutter_tools/src/build_system/build_system.dart:873:9)
<asynchronous suspension>
#6      Future.wait.<anonymous closure> (dart:async/future.dart:525:21)
<asynchronous suspension>
#7      _BuildInstance.invokeTarget (package:flutter_tools/src/build_system/build_system.dart:811:32)
<asynchronous suspension>
#8      FlutterBuildSystem.build (package:flutter_tools/src/build_system/build_system.dart:631:16)
<asynchronous suspension>
#9      WebBuilder.buildWeb (package:flutter_tools/src/web/compile.dart:90:34)
<asynchronous suspension>
#10     BuildWebCommand.runCommand (package:flutter_tools/src/commands/build_web.dart:282:5)
<asynchronous suspension>
#11     FlutterCommand.run.<anonymous closure> (package:flutter_tools/src/runner/flutter_command.dart:1581:27)
<asynchronous suspension>
#12     AppContext.run.<anonymous closure> (package:flutter_tools/src/base/context.dart:154:19)
<asynchronous suspension>
#13     CommandRunner.runCommand (package:args/command_runner.dart:212:13)
<asynchronous suspension>
#14     FlutterCommandRunner.runCommand.<anonymous closure> (package:flutter_tools/src/runner/flutter_command_runner.dart:503:9)
<asynchronous suspension>
#15     AppContext.run.<anonymous closure> (package:flutter_tools/src/base/context.dart:154:19)
<asynchronous suspension>
#16     FlutterCommandRunner.runCommand (package:flutter_tools/src/runner/flutter_command_runner.dart:438:5)
<asynchronous suspension>
#17     run.<anonymous closure>.<anonymous closure> (package:flutter_tools/runner.dart:98:11)
<asynchronous suspension>
#18     AppContext.run.<anonymous closure> (package:flutter_tools/src/base/context.dart:154:19)
<asynchronous suspension>
#19     main (package:flutter_tools/executable.dart:101:3)
<asynchronous suspension>

Compiling lib\main.dart for the Web...                             41.8s
Error: Failed to compile application for the Web.
